[evgenywas.github.io/The-space-travel-website/index.html]
[evgenywas.github.io/The-space-travel-website/favicon-32x32.b532600b.png]
[backblue.gif]
[fade.gif]
[index.html]
[evgenywas.github.io/The-space-travel-website/scss.693cc462.css]
[evgenywas.github.io/The-space-travel-website/nav.af69abdb.js]
[evgenywas.github.io/The-space-travel-website/logo.a61ec49e.svg]
[evgenywas.github.io/The-space-travel-website/index-2.html]
[evgenywas.github.io/The-space-travel-website/destination.html]
[evgenywas.github.io/The-space-travel-website/crew.html]
[evgenywas.github.io/The-space-travel-website/index.html]
[evgenywas.github.io/The-space-travel-website/technology.html]
[evgenywas.github.io/The-space-travel-website/background-home-mobile.e81f12ab.jpg]
[evgenywas.github.io/The-space-travel-website/background-home-tablet.02895f76.jpg]
[evgenywas.github.io/The-space-travel-website/background-home-desktop.f144db7a.jpg]
[evgenywas.github.io/The-space-travel-website/background-destination-mobile.8b782dd3.jpg]
[evgenywas.github.io/The-space-travel-website/background-destination-tablet.7409b42c.jpg]
[evgenywas.github.io/The-space-travel-website/background-destination-desktop.9c4dbedd.jpg]
[evgenywas.github.io/The-space-travel-website/background-crew-mobile.104b3f26.jpg]
[evgenywas.github.io/The-space-travel-website/background-crew-tablet.76515f50.jpg]
[evgenywas.github.io/The-space-travel-website/background-crew-desktop.425df4ce.jpg]
[evgenywas.github.io/The-space-travel-website/background-technology-mobile.c8ae83a6.jpg]
[evgenywas.github.io/The-space-travel-website/background-technology-tablet.ecc90321.jpg]
[evgenywas.github.io/The-space-travel-website/background-technology-desktop.44f00692.jpg]
[evgenywas.github.io/The-space-travel-website/scss.693cc462.css]
[evgenywas.github.io/The-space-travel-website/logo.a61ec49e.svg]
[evgenywas.github.io/The-space-travel-website/index-2.html]
[evgenywas.github.io/The-space-travel-website/tabs.92b7139f.js]
[evgenywas.github.io/The-space-travel-website/image-moon.b20b8139.png]
[evgenywas.github.io/The-space-travel-website/image-mars.b3a884f2.png]
[evgenywas.github.io/The-space-travel-website/image-europa.817e5230.png]
[evgenywas.github.io/The-space-travel-website/image-titan.376e85ab.png]
[evgenywas.github.io/The-space-travel-website/destination.html]
[evgenywas.github.io/The-space-travel-website/image-douglas-hurley.f623320e.png]
[evgenywas.github.io/The-space-travel-website/image-mark-shuttleworth.90c607a5.png]
[evgenywas.github.io/The-space-travel-website/image-victor-glover.efb2c77a.png]
[evgenywas.github.io/The-space-travel-website/image-anousheh-ansari.3228df54.png]
[evgenywas.github.io/The-space-travel-website/crew.html]
[evgenywas.github.io/The-space-travel-website/btn.da0d35a9.js]
[evgenywas.github.io/The-space-travel-website/image-launch-vehicle-landscape.fa89e970.jpg]
[evgenywas.github.io/The-space-travel-website/image-launch-vehicle-portrait.f94ed212.jpg]
[evgenywas.github.io/The-space-travel-website/image-spaceport-landscape.eb451b4e.jpg]
[evgenywas.github.io/The-space-travel-website/image-spaceport-portrait.ba3a1074.jpg]
[evgenywas.github.io/The-space-travel-website/image-space-capsule-landscape.3931e35c.jpg]
[evgenywas.github.io/The-space-travel-website/image-space-capsule-portrait.3608e2ca.jpg]
[evgenywas.github.io/The-space-travel-website/technology.html]
[evgenywas.github.io/The-space-travel-website/icon-hamburger.77a5b926.svg]
[evgenywas.github.io/The-space-travel-website/icon-close.700fce62.svg]
